C51 COMPILER V9.56.0.0   BSP                                                               07/22/2020 17:31:02 PAGE 1   


C51 COMPILER V9.56.0.0, COMPILATION OF MODULE BSP
OBJECT MODULE PLACED IN .\Objects\bsp.obj
COMPILER INVOKED BY: D:\Program Files (x86)\keil5\C51\BIN\C51.EXE APP\bsp.c LARGE OPTIMIZE(8,SPEED) BROWSE INCDIR(.\STC_
                    -LIB;.\APP) DEBUG OBJECTEXTEND PRINT(.\Listings\bsp.lst) TABS(2) OBJECT(.\Objects\bsp.obj)

line level    source

   1          #include "bsp.h"
   2          #include "sys.h"
   3          #include "string.h"
   4          #include "wifi.h"
   5          #include "http_ap.h"
   6          void bsp(void)
   7          {
   8   1      
   9   1        EA=0;
  10   1        Usart2Init();
  11   1        S2_Int_en();
  12   1        
  13   1        debug_init();
  14   1      
  15   1        IP=0x00;
  16   1        IP2=0x00;
  17   1        IP2 |=0x01;     //设置串口2 优先级高
  18   1        
  19   1        
  20   1        sys_tick_init();
  21   1      
  22   1        EA=1;
  23   1        debug("sys start\r\n");
  24   1        DevicesInit();
  25   1      
  26   1        memset(RX2_Buffer, 0, sizeof(RX2_Buffer));
  27   1      
  28   1        while(1)
  29   1        {
  30   2          debug("wifi reset\r\n");
  31   2          wifi_reset();
  32   2          if(WIFI_Set_AP_mode())
  33   2          {
  34   3            debug("wifi set ap sucess\r\n");
  35   3            break;
  36   3          }
  37   2        }   
  38   1      
  39   1      }
  40          
  41          


MODULE INFORMATION:   STATIC OVERLAYABLE
   CODE SIZE        =     79    ----
   CONSTANT SIZE    =     46    ----
   XDATA SIZE       =   ----    ----
   PDATA SIZE       =   ----    ----
   DATA SIZE        =   ----    ----
   IDATA SIZE       =   ----    ----
   BIT SIZE         =   ----    ----
END OF MODULE INFORMATION.


C51 COMPILATION COMPLETE.  0 WARNING(S),  0 ERROR(S)
