C51 COMPILER V9.56.0.0   CONFIG                                                            07/07/2020 20:29:00 PAGE 1   


C51 COMPILER V9.56.0.0, COMPILATION OF MODULE CONFIG
OBJECT MODULE PLACED IN .\Objects\config.obj
COMPILER INVOKED BY: d:\Keil_C51\C51\BIN\C51.EXE APP\config.c LARGE OPTIMIZE(8,SPEED) BROWSE INCDIR(.\STC_LIB;.\APP) DEB
                    -UG OBJECTEXTEND PRINT(.\Listings\config.lst) TABS(2) OBJECT(.\Objects\config.obj)

line level    source

   1          /*****************************************************************************
   2            * @file:      config.c
   3            * @author:    louiswoo
   4            * @version:   V1.0
   5            * @date:  2020-6-6
   6            * @brief: 使用22.1184MHz，系统共用函数模块，目前提供两个函数
   7          *******************************************************************************/
   8          
   9          #include "config.h"
  10          void delay_10us(u8 count)   //@22.1184MHz
  11          {
  12   1        unsigned char i;
  13   1      
  14   1        while(count--)
  15   1        {
  16   2          _nop_();
  17   2          _nop_();
  18   2          _nop_();
  19   2          i = 26;
  20   2          while (--i);
  21   2        }
  22   1      }
  23          
  24          void  delay_ms(unsigned char ms)  //@22.1184MHz
  25          {
  26   1           unsigned int i;
  27   1         do{
  28   2              i = MAIN_Fosc / 13000;
  29   2            while(--i)  ;   //14T per loop
  30   2           }while(--ms);
  31   1      }
  32          
  33          void delay_s(u8 second)
  34          {
  35   1        u8 i;
  36   1        while(second--)
  37   1        {
  38   2          for(i=4;i>0;i--)
  39   2          {
  40   3            delay_ms(250);
  41   3          }
  42   2        }
  43   1      }
  44          


MODULE INFORMATION:   STATIC OVERLAYABLE
   CODE SIZE        =     59    ----
   CONSTANT SIZE    =   ----    ----
   XDATA SIZE       =   ----    ----
   PDATA SIZE       =   ----    ----
   DATA SIZE        =   ----    ----
   IDATA SIZE       =   ----    ----
   BIT SIZE         =   ----    ----
C51 COMPILER V9.56.0.0   CONFIG                                                            07/07/2020 20:29:00 PAGE 2   

END OF MODULE INFORMATION.


C51 COMPILATION COMPLETE.  0 WARNING(S),  0 ERROR(S)
