C51 COMPILER V9.56.0.0   DEBUG                                                             08/03/2020 22:18:45 PAGE 1   


C51 COMPILER V9.56.0.0, COMPILATION OF MODULE DEBUG
OBJECT MODULE PLACED IN .\Objects\debug.obj
COMPILER INVOKED BY: D:\Program Files (x86)\keil5\C51\BIN\C51.EXE APP\debug.c LARGE OPTIMIZE(8,SPEED) BROWSE INCDIR(.\ST
                    -C_LIB;.\APP) DEBUG OBJECTEXTEND PRINT(.\Listings\debug.lst) TABS(2) OBJECT(.\Objects\debug.obj)

line level    source

   1          /*****************************************************************************
   2            * @file:      debug.c
   3            * @author:    louiswoo
   4            * @version:   V1.0
   5            * @date:  2020-6-6
   6            * @brief: 调试模块，主要调用串口进行调试信息的输出
   7            包括字符串输出和 unsigned int型2字节的变量输出
   8          *******************************************************************************/
   9          #include "config.h"
  10          #include "debug.h"
  11          #include "usart.h"
  12          
  13          /****************************************************************************************
  14            * @brief: 发送一个u16变量
  15            * @param: var: u16变量
  16            * @retval:  none
  17          *****************************************************************************************/
  18          void DebugVar(u16 var)
  19          {
  20   1        u8 num[6];
  21   1        num[0]=var/10000+0x30;
  22   1        num[1]=var%10000/1000+0x30;
  23   1        num[2]=var%1000/100+0x30;
  24   1        num[3]=var%100/10+0x30;
  25   1        num[4]=var%10+0x30;
  26   1        num[5]='\0';
  27   1        debug(num);
  28   1      }
  29          void DebugVIP(u8 *str)
  30          {
  31   1        debug("***"); 
  32   1        debug(str);
  33   1        debug("\r\n");
  34   1      }


MODULE INFORMATION:   STATIC OVERLAYABLE
   CODE SIZE        =    176    ----
   CONSTANT SIZE    =      7    ----
   XDATA SIZE       =   ----       9
   PDATA SIZE       =   ----    ----
   DATA SIZE        =   ----    ----
   IDATA SIZE       =   ----    ----
   BIT SIZE         =   ----    ----
END OF MODULE INFORMATION.


C51 COMPILATION COMPLETE.  0 WARNING(S),  0 ERROR(S)
