C51 COMPILER V9.56.0.0   DEBUG                                                             06/24/2020 17:05:36 PAGE 1   


C51 COMPILER V9.56.0.0, COMPILATION OF MODULE DEBUG
OBJECT MODULE PLACED IN .\Objects\debug.obj
COMPILER INVOKED BY: D:\Program Files (x86)\keil5\C51\BIN\C51.EXE APP\debug.c OPTIMIZE(8,SPEED) BROWSE INCDIR(.\STC_LIB;
                    -.\APP) DEBUG OBJECTEXTEND PRINT(.\Listings\debug.lst) TABS(2) OBJECT(.\Objects\debug.obj)

line level    source

   1          /*****************************************************************************
   2            * @file:      debug.c
   3            * @author:    louiswoo
   4            * @version:   V1.0
   5            * @date:  2020-6-6
   6            * @brief: 调试模块，主要调用串口进行调试信息的输出
   7            包括字符串输出和 unsigned int型2字节的变量输出
   8          *******************************************************************************/
   9          #include "config.h"
  10          #include "debug.h"
  11          #include "usart.h"
  12          
  13          /****************************************************************************************
  14            * @brief: 发送一个u16变量
  15            * @param: var: u16变量
  16            * @retval:  none
  17          *****************************************************************************************/
  18          /*
  19          void DebugVar(u16 var)
  20          {
  21            u8 num[6];
  22            num[0]=var/10000+0x30;
  23            num[1]=var%10000/1000+0x30;
  24            num[2]=var%1000/100+0x30;
  25            num[3]=var%100/10+0x30;
  26            num[4]=var%10+0x30;
  27            num[5]='\0';
  28            debug(num);
  29          }
  30          */


MODULE INFORMATION:   STATIC OVERLAYABLE
   CODE SIZE        =   ----    ----
   CONSTANT SIZE    =   ----    ----
   XDATA SIZE       =   ----    ----
   PDATA SIZE       =   ----    ----
   DATA SIZE        =   ----    ----
   IDATA SIZE       =   ----    ----
   BIT SIZE         =   ----    ----
END OF MODULE INFORMATION.


C51 COMPILATION COMPLETE.  0 WARNING(S),  0 ERROR(S)
