C51 COMPILER V9.56.0.0   HTTP_AP                                                           07/17/2020 16:00:17 PAGE 1   


C51 COMPILER V9.56.0.0, COMPILATION OF MODULE HTTP_AP
OBJECT MODULE PLACED IN .\Objects\http_ap.obj
COMPILER INVOKED BY: D:\Program Files (x86)\keil5\C51\BIN\C51.EXE APP\http_ap.c LARGE OPTIMIZE(8,SPEED) BROWSE INCDIR(.\
                    -STC_LIB;.\APP) DEBUG OBJECTEXTEND PRINT(.\Listings\http_ap.lst) TABS(2) OBJECT(.\Objects\http_ap.obj)

line level    source

   1          #include "http_ap.h"
   2          
   3          u8 code HTTP_H1[]="HTTP/1.0 200 OK\r\n\
   4          Content-Type: text/html; charset=utf-8\r\n\
   5          Content-Length: ";
   6          
   7          u8 code HTTP_PORTAL_CONTENT[] = "<!DOCTYPE html>\r\n\
   8          <html lang=\"en\">\r\n\
   9          <head>\r\n\
  10              <meta charset=\"UTF-8\">\r\n\
  11              <title>Genius AI Lab</title>\r\n\
  12              <style>\r\n\
  13                  h1{font-size:600%;text-align:center}\r\n\
  14                  .wd{font-size:300%;margin-left:40px}\r\n\
  15                  button{type:submit;margin-left:40px;width:120px;height:120px;border-radius:60px;padding:20px}\r\n\
  16                  .sw1{background:#ff9953;value:ON}\r\n\
  17                  .sw2{background:darkgray;value:OFF}\r\n\
  18              </style>\r\n\
  19          </head>\r\n\
  20          <body>\r\n\
  21              <div style=\"width:1000px\">\r\n\
  22                  <div style=\"background-color:slategray\">\r\n\
  23                      <h1>Genius AI Lab</h1>\r\n\
  24                  </div>\r\n\
  25                  <br>\r\n\
  26                      <form name=\"sw\" action=\"table\" method=\"post\">\r\n\
  27                          <span class=\"wd\">SWITCH1:</span>\r\n\
  28                          <button class=\"sw1\" name=\"SWITCH1\">ON</button>\r\n\
  29                          <button class=\"sw2\" name=\"SWITCH1\">OFF</button>\r\n\
  30                          <br>\r\n\
  31                          <span class=\"wd\">SWITCH2:</span>\r\n\
  32                          <button class=\"sw1\" name=\"SWITCH2\">ON</button>\r\n\
  33                          <button class=\"sw2\" name=\"SWITCH2\">OFF</button><br>\r\n\
  34                          <span class=\"wd\">SWITCH3:</span>\r\n\
  35                          <button class=\"sw1\" name=\"SWITCH3\">ON</button>\r\n\
  36                          <button class=\"sw2\" name=\"SWITCH3\">OFF</button><br>\r\n\
  37                          <span class=\"wd\">SWITCH4:</span>\r\n\
  38                          <button class=\"sw1\" name=\"SWITCH4\">ON</button>\r\n\
  39                          <button class=\"sw2\" name=\"SWITCH4\">OFF</button>\r\n\
  40                      </form>\r\n\
  41                      <br>\r\n\
  42                      <hr>\r\n\
  43              </div>\r\n\
  44              <br>\r\n\
  45          </body>\r\n\
  46          </html>";
  47          
  48          
  49          
  50          
  51          
  52          /*
  53          u8 const WIFI_PAGE[]  = "HTTP/1.1 200 OK
  54          Content-Type: text/html
C51 COMPILER V9.56.0.0   HTTP_AP                                                           07/17/2020 16:00:17 PAGE 2   

  55          Content-Length:361
  56          
  57          <html>
  58          <body>
  59          <h1>欢迎您使用天才的AI实验设备</h1>
  60          <p>请您输入WIFI名称和密码，通过此WIFI，设备可以连接到天才云。</p>
  61          <form action=\"/wifiset.html\">
  62          WIFI名称:<br>
  63          <input type=\"text\" name=\"firstname\" value=\"Louiswoo\">
  64          <br>
  65          密码:<br>
  66          <input type=\"text\" name=\"lastname\" value=\"Genius\">
  67          <br><br>
  68          <input type=\"submit\" value=\"连接\">
  69          </form>
  70          </body>
  71          </html>";
  72          
  73          u8 const CONNECTED_PAGE[] = "HTTP/1.1 200 OK
  74          Content-Type: text/html
  75          Content-Length:77
  76          
  77          <html>
  78          <body>
  79          <h1>WIFI成功连接，感谢您使用天才云！</h1>
  80          </body>
  81          </html>";
  82          
  83          u8 const PORTAL_PAGE[]  = "HTTP/1.0 200 OK\r\n\
  84          Content-Type: text/html; charset=utf-8\r\n\
  85          Content-Length: 149\r\n\
  86          Server: Werkzeug/1.0.1 Python/3.8.1\r\n\
  87          Date: Tue, 14 Jul 2020 09:12:38 GMT\r\n\
  88          \r\n\
  89          <!DOCTYPE html>\r\n\
  90          <html lang=\"en\">\r\n\
  91          <head>\r\n\
  92              <meta charset=\"UTF-8\">\r\n\
  93              <title>Geni</title>\r\n\
  94          </head>\r\n\
  95          <body>\r\n\
  96              i am a Genius!!!\r\n\
  97          </body>\r\n\
  98          </html>";
  99          
 100          */


MODULE INFORMATION:   STATIC OVERLAYABLE
   CODE SIZE        =   ----    ----
   CONSTANT SIZE    =   1555    ----
   XDATA SIZE       =   ----    ----
   PDATA SIZE       =   ----    ----
   DATA SIZE        =   ----    ----
   IDATA SIZE       =   ----    ----
   BIT SIZE         =   ----    ----
END OF MODULE INFORMATION.


C51 COMPILATION COMPLETE.  0 WARNING(S),  0 ERROR(S)
