C51 COMPILER V9.56.0.0   MAIN                                                              07/29/2020 22:02:59 PAGE 1   


C51 COMPILER V9.56.0.0, COMPILATION OF MODULE MAIN
OBJECT MODULE PLACED IN .\Objects\main.obj
COMPILER INVOKED BY: d:\Keil_v5\C51\BIN\C51.EXE APP\main.c LARGE OPTIMIZE(8,SPEED) BROWSE INCDIR(.\STC_LIB;.\APP) DEBUG 
                    -OBJECTEXTEND PRINT(.\Listings\main.lst) TABS(2) OBJECT(.\Objects\main.obj)

line level    source

   1          /*****************************************************************************
   2            * @file:      main.c
   3            * @author:    louiswoo
   4            * @version:   V1.0
   5            * @date:  2020-6-6
   6            * @brief: 主程序，初始化系统各个模块和各个任务
   7            while(1),执行各个任务任务函数在执行的时候需要控制好自己的
   8            时间计数器，控制好任务的执行时间，不要超时执行
   9          *******************************************************************************/
  10          #include "config.h"
  11          #include "sys.h"
  12          #include "debug.h"
  13          #include "bsp.h"
  14          #include "http_ap.h"
  15          #include "string.h"
  16          #include "http_ap.h"
  17          
  18          typedef enum _t_status_
  19          {
  20            ap=1,
  21            client
  22          }_t_status;
  23          
  24          _t_status Status;
  25          
  26          void main(void)
  27          {
  28   1        Status = client;
  29   1        bsp();
  30   1        while(1)
  31   1        {
  32   2          switch(Status)
  33   2          {
  34   3            case ap:
  35   3              if(wifi_receive())
  36   3              {
  37   4                debug_vip(WIFI_RBUF);
  38   4                if(strstr(WIFI_RBUF, "GET"))
  39   4                  AP_MSG_Handle();
  40   4              }
  41   3              break;
  42   3            case client:
  43   3                send_to_server("i am genius!\r\n");
  44   3                delay_s(1);
  45   3              break;
  46   3            default:
  47   3              break;
  48   3          }
  49   2          
  50   2        }
  51   1      }


MODULE INFORMATION:   STATIC OVERLAYABLE
C51 COMPILER V9.56.0.0   MAIN                                                              07/29/2020 22:02:59 PAGE 2   

   CODE SIZE        =     84    ----
   CONSTANT SIZE    =     19    ----
   XDATA SIZE       =      1    ----
   PDATA SIZE       =   ----    ----
   DATA SIZE        =   ----    ----
   IDATA SIZE       =   ----    ----
   BIT SIZE         =   ----    ----
END OF MODULE INFORMATION.


C51 COMPILATION COMPLETE.  0 WARNING(S),  0 ERROR(S)
