C51 COMPILER V9.56.0.0   WIFI                                                              04/16/2020 22:32:12 PAGE 1   


C51 COMPILER V9.56.0.0, COMPILATION OF MODULE WIFI
OBJECT MODULE PLACED IN .\Objects\wifi.obj
COMPILER INVOKED BY: D:\Program Files (x86)\keil5\C51\BIN\C51.EXE source\wifi.c OPTIMIZE(8,SPEED) BROWSE INCDIR(.\stc_li
                    -b) DEBUG OBJECTEXTEND PRINT(.\Listings\wifi.lst) TABS(2) OBJECT(.\Objects\wifi.obj)

line level    source

   1          #include "usart.h"
   2          #include "string.h"
   3          #include "gpio.h"
   4          #include "delay.h"
   5          #include "wifi.h"
   6          #define WIFI_GPIO_PORT    GPIO_P4
   7          #define WIFI_GPIO_PIN   GPIO_Pin_2
   8          
   9          #define wifi_reset_pin_low()    GPIO_ClearBit(WIFI_GPIO_PORT, WIFI_GPIO_PIN)
  10          #define wifi_reset_pin_high()   GPIO_SetBit(WIFI_GPIO_PORT, WIFI_GPIO_PIN)
  11          
  12          void wifi_reset(void)
  13          {
  14   1        GPIO_InitTypeDef  wifi_gpio_init;
  15   1      
  16   1        wifi_gpio_init.Mode=GPIO_PullUp;
  17   1        wifi_gpio_init.Pin=WIFI_GPIO_PIN;
  18   1        
  19   1        GPIO_Inilize(WIFI_GPIO_PORT, &wifi_gpio_init);
  20   1      
  21   1        wifi_reset_pin_low();
  22   1        delay_ms(100);
  23   1        wifi_reset_pin_high();
  24   1      }
  25          
  26          u8 wifi_receive()
  27          {
  28   1        COM2.B_RX_EN=1;
  29   1        COM2.RX_Cnt=0;
  30   1        COM2.B_RX_OK=0;
  31   1        COM2.RX_TimeOut=TimeOutSet2;
  32   1        while(COM2.RX_TimeOut>0);     //每次串口接收不到字节产生超时，判定为一次块接收完成
  33   1        if(COM2.B_RX_OK)
  34   1        {
  35   2          return COM2.RX_Cnt;
  36   2        }
  37   1        return NULL;
  38   1      }
  39          
  40          u8 *WIFI_SendAndWait(u8 *send, u8 *match, u8 try_count)
  41          {
  42   1        u8 *p;
  43   1        u8 i;
  44   1        for(i=try_count; i>0; i--)
  45   1        {
  46   2          wifi_send(send);
  47   2          if(wifi_receive())
  48   2          {
  49   3            if(p=strstr(RX2_Buffer,match))
  50   3              return p;
  51   3          }
  52   2        }
  53   1        return NULL;
  54   1      }
C51 COMPILER V9.56.0.0   WIFI                                                              04/16/2020 22:32:12 PAGE 2   



MODULE INFORMATION:   STATIC OVERLAYABLE
   CODE SIZE        =    131    ----
   CONSTANT SIZE    =   ----    ----
   XDATA SIZE       =   ----    ----
   PDATA SIZE       =   ----    ----
   DATA SIZE        =   ----      10
   IDATA SIZE       =   ----    ----
   BIT SIZE         =   ----    ----
END OF MODULE INFORMATION.


C51 COMPILATION COMPLETE.  0 WARNING(S),  0 ERROR(S)
